src/components/Skills.tsx(46,17): error TS2322: Type '{ children: Element; className: string; style: CSSProperties; }' is not assignable to type 'IntrinsicAttributes & { children: ReactNode; className?: string | undefined; }'.
  Property 'style' does not exist on type 'IntrinsicAttributes & { children: ReactNode; className?: string | undefined; }'.
